test execution
